test execution
